// Jest Snapshot v1, https://goo.gl/fbAQLP

exports[`Episodes component snapshot 1`] = `
<div
  className="ant-card character-view-card ant-card-bordered"
>
  <div
    className="ant-card-head"
    style={Object {}}
  >
    <div
      className="ant-card-head-wrapper"
    >
      <div
        className="ant-card-head-title"
      >
        S01E02â€™s characters
      </div>
    </div>
  </div>
  <div
    className="ant-card-body"
    style={Object {}}
  />
</div>
`;
