// Jest Snapshot v1, https://goo.gl/fbAQLP

exports[`Characters component snapshot 1`] = `
<div>
  <div
    className="ant-card ant-card-bordered"
    data-test="characters-card"
  >
    <div
      className="ant-card-head"
      style={Object {}}
    >
      <div
        className="ant-card-head-wrapper"
      >
        <div
          className="ant-card-head-title"
        >
          All characters of Ricky and Morty episodes
        </div>
      </div>
    </div>
    <div
      className="ant-card-body"
      style={Object {}}
    />
  </div>
</div>
`;
